// Jest Snapshot v1, https://goo.gl/fbAQLP

exports[`VerificationCard renders a connected VerificationCard as expected 1`] = `ShallowWrapper {}`;
